// Jest Snapshot v1, https://goo.gl/fbAQLP

exports[`App Component - shallow App component should render as expected - snapshot 1`] = `
<div>
  <Header />
  <div
    className="body"
  >
    <Route
      exact={true}
      path="/"
      render={[Function]}
    />
    <Route
      exact={true}
      path="/posts"
      render={[Function]}
    />
    <Route
      component={[Function]}
      path="/posts/post_id"
    />
    <Route
      component={[Function]}
      path="/post_new"
    />
  </div>
</div>
`;
