// Jest Snapshot v1, https://goo.gl/fbAQLP

exports[`PostNew component should render as expected 1`] = `
<Route
  render={[Function]}
/>
`;
