// Jest Snapshot v1, https://goo.gl/fbAQLP

exports[`Posts component should render as expected 1`] = `
<ul
  className="list"
/>
`;
